// Jest Snapshot v1, https://goo.gl/fbAQLP

exports[`renders Input 1`] = `ReactWrapper {}`;
