// Jest Snapshot v1, https://goo.gl/fbAQLP

exports[`renders Form 1`] = `ShallowWrapper {}`;
